// Jest Snapshot v1, https://goo.gl/fbAQLP

exports[`ImageProperty should convert Image values 1`] = `"{\\"data\\":\\"data\\",\\"timestamp\\":\\"timestamp\\",\\"type\\":\\"type\\"}"`;

exports[`ImageProperty should convert Image values 2`] = `
Object {
  "data": "data",
  "timestamp": "timestamp",
  "type": "type",
}
`;

exports[`ImageProperty should convert Image values 3`] = `"jsonb"`;

exports[`ImageProperty should throw errors on invalid values 1`] = `"Could not convert JS value 'not an image' of type 'string' to type ImageProperty"`;

exports[`ImageProperty should throw errors on invalid values 2`] = `"Could not convert database value 'not an image' of type 'string' to type ImageProperty"`;

exports[`ImageProperty should throw errors on invalid values 3`] = `"Could not convert JS value '[object Object]' of type 'object' to type ImageProperty"`;

exports[`ImageProperty should throw errors on invalid values 4`] = `"Could not convert JS value '[object Object]' of type 'object' to type ImageProperty"`;

exports[`ImageProperty should throw errors on invalid values 5`] = `"Could not convert JS value '[object Object]' of type 'object' to type ImageProperty"`;
