// Jest Snapshot v1, https://goo.gl/fbAQLP

exports[`MongoLoader should return undefined for keys that don't exist 1`] = `
Object {
  "_id": "a304d4c6-12c4-4d80-b2b7-5fa8dcc3df5d",
  "emails": Array [
    Object {
      "address": "rebekah@mail.com",
    },
    Object {
      "address": "r.krause@mail.com",
    },
  ],
  "name": "Rebekah Krause",
  "profile": Object {
    "accessCode": "abcdefghijklmnopqrstuvwxyz",
  },
}
`;

exports[`MongoLoader should throw an error when a key doesn't exist, if configured to 1`] = `[Error: Document not found: this_id_is_not_in_the_database]`;

exports[`MongoLoader should throw an error when some keys don't exist, if configured to 1`] = `[Error: Document not found: this_id_is_not_in_the_database]`;
