// Jest Snapshot v1, https://goo.gl/fbAQLP

exports[`MaskedInput should render without throwing an error 1`] = `
<Input
  type="text"
>
  <input />
</Input>
`;
