// Jest Snapshot v1, https://goo.gl/fbAQLP

exports[`Standard005 should construct 1`] = `
"A0000000011234567890787902200812345                    CAD                                                                                                                                                                                                                                                                                                                                                                                                                                                                                                                                                                                                                                                                                                                                                                                                                                                                                                                                                                                                                                                                                                                                                                                                                                                                                                                                                                                                                                                              
Z00000000212345678907879              00000000              0000000000000000000000000000000000000000000000000000                                                                                                                                                                                                                                                                                                                                                                                                                                                                                                                                                                                                                                                                                                                                                                                                                                                                                                                                                                                                                                                                                                                                                                                                                                                                                                                                                                                                        "
`;

exports[`Standard005 should generate a C record 1`] = `
"A0000000015428713698000102200856789                    CAD                                                                                                                                                                                                                                                                                                                                                                                                                                                                                                                                                                                                                                                                                                                                                                                                                                                                                                                                                                                                                                                                                                                                                                                                                                                                                                                                                                                                                                                              
C0000000025428713698000120799999999000220080327736723893474757895678567890001000000001000GenComp        John Doe                      Generic Company Name          JDE92934  00000004a3829712427032333322487518496458                                       0000000000028000045785000220080815548858857894561575678567890001000000002000GenComp        Jane Doe                      Generic Company Name          JDE92934  00000004a381fb2c33e032333322487518496458                                       0000000000020200508900000220080113458785788745987  5678567890001000000003000GenComp        Bob Doe                       Generic Company Name          JDE92934  00000004a388c2e6430032333322487518496458                                       00000000000                                                                                                                                                                                                                                                                                                                                                                                                                                                                                                                                                                                                                                                                                                                                                
Z00000000354287136980001              00000000000100554684000000000300000000000000000000000000000000000000000000                                                                                                                                                                                                                                                                                                                                                                                                                                                                                                                                                                                                                                                                                                                                                                                                                                                                                                                                                                                                                                                                                                                                                                                                                                                                                                                                                                                                        "
`;

exports[`Standard005 should generate a D record 1`] = `
"A0000000014521781369999902200854784                    CAD                                                                                                                                                                                                                                                                                                                                                                                                                                                                                                                                                                                                                                                                                                                                                                                                                                                                                                                                                                                                                                                                                                                                                                                                                                                                                                                                                                                                                                                              
D0000000024521781369999920799999999000220080327736723893474757895478547849999000000001000Another        John Doe                      Another Company               JDL2904D  00000004a38a0ddd65a058984667784561585487                                       0000000000028000045785000220080815548858857894561575478547849999000000002000Another        Jane Doe                      Another Company               JDL2904D  00000004a3837bf999c058984667784561585487                                       0000000000020200508900000220080113458785788745987  5478547849999000000003000Another        Bob Doe                       Another Company               JDL2904D  00000004a381d6718ea058984667784561585487                                       00000000000                                                                                                                                                                                                                                                                                                                                                                                                                                                                                                                                                                                                                                                                                                                                                
Z000000003452178136999990001005546840000000003              0000000000000000000000000000000000000000000000000000                                                                                                                                                                                                                                                                                                                                                                                                                                                                                                                                                                                                                                                                                                                                                                                                                                                                                                                                                                                                                                                                                                                                                                                                                                                                                                                                                                                                        "
`;

exports[`Standard005 should generate multiple C records 1`] = `
"A0000000015428713698000102200856789                    CAD                                                                                                                                                                                                                                                                                                                                                                                                                                                                                                                                                                                                                                                                                                                                                                                                                                                                                                                                                                                                                                                                                                                                                                                                                                                                                                                                                                                                                                                              
C0000000025428713698000120799999999000220080327736723893474757895678567890001000000001000GenComp        John Doe                      Generic Company Name          JDE92934  00000004a3829712427032333322487518496458                                       0000000000028000045785000220080815548858857894561575678567890001000000002000GenComp        Jane Doe                      Generic Company Name          JDE92934  00000004a381fb2c33e032333322487518496458                                       0000000000020200508900000220080113458785788745987  5678567890001000000003000GenComp        Bob Doe                       Generic Company Name          JDE92934  00000004a388c2e6430032333322487518496458                                       0000000000020799999999000220080327736723893474757895678567890001000000001000GenComp        John Doe                      Generic Company Name          JDE92934  00000004a3829712427032333322487518496458                                       0000000000028000045785000220080815548858857894561575678567890001000000002000GenComp        Jane Doe                      Generic Company Name          JDE92934  00000004a381fb2c33e032333322487518496458                                       0000000000020200508900000220080113458785788745987  5678567890001000000003000GenComp        Bob Doe                       Generic Company Name          JDE92934  00000004a388c2e6430032333322487518496458                                       00000000000
C0000000035428713698000120799999999000220080327736723893474757895678567890001000000001000GenComp        John Doe                      Generic Company Name          JDE92934  00000004a3829712427032333322487518496458                                       0000000000028000045785000220080815548858857894561575678567890001000000002000GenComp        Jane Doe                      Generic Company Name          JDE92934  00000004a381fb2c33e032333322487518496458                                       0000000000020200508900000220080113458785788745987  5678567890001000000003000GenComp        Bob Doe                       Generic Company Name          JDE92934  00000004a388c2e6430032333322487518496458                                       00000000000                                                                                                                                                                                                                                                                                                                                                                                                                                                                                                                                                                                                                                                                                                                                                
Z00000000454287136980001              00000000000301664052000000000900000000000000000000000000000000000000000000                                                                                                                                                                                                                                                                                                                                                                                                                                                                                                                                                                                                                                                                                                                                                                                                                                                                                                                                                                                                                                                                                                                                                                                                                                                                                                                                                                                                        "
`;

exports[`Standard005 should generate multiple D records 1`] = `
"A0000000014521781369999902200854784                    CAD                                                                                                                                                                                                                                                                                                                                                                                                                                                                                                                                                                                                                                                                                                                                                                                                                                                                                                                                                                                                                                                                                                                                                                                                                                                                                                                                                                                                                                                              
D0000000024521781369999920799999999000220080327736723893474757895478547849999000000001000Another        John Doe                      Another Company               JDL2904D  00000004a38a0ddd65a058984667784561585487                                       0000000000028000045785000220080815548858857894561575478547849999000000002000Another        Jane Doe                      Another Company               JDL2904D  00000004a3837bf999c058984667784561585487                                       0000000000020200508900000220080113458785788745987  5478547849999000000003000Another        Bob Doe                       Another Company               JDL2904D  00000004a381d6718ea058984667784561585487                                       0000000000020799999999000220080327736723893474757895478547849999000000001000Another        John Doe                      Another Company               JDL2904D  00000004a38a0ddd65a058984667784561585487                                       0000000000028000045785000220080815548858857894561575478547849999000000002000Another        Jane Doe                      Another Company               JDL2904D  00000004a3837bf999c058984667784561585487                                       0000000000020200508900000220080113458785788745987  5478547849999000000003000Another        Bob Doe                       Another Company               JDL2904D  00000004a381d6718ea058984667784561585487                                       00000000000
D0000000034521781369999920799999999000220080327736723893474757895478547849999000000001000Another        John Doe                      Another Company               JDL2904D  00000004a38a0ddd65a058984667784561585487                                       0000000000028000045785000220080815548858857894561575478547849999000000002000Another        Jane Doe                      Another Company               JDL2904D  00000004a3837bf999c058984667784561585487                                       0000000000020200508900000220080113458785788745987  5478547849999000000003000Another        Bob Doe                       Another Company               JDL2904D  00000004a381d6718ea058984667784561585487                                       00000000000                                                                                                                                                                                                                                                                                                                                                                                                                                                                                                                                                                                                                                                                                                                                                
Z000000004452178136999990003016640520000000009              0000000000000000000000000000000000000000000000000000                                                                                                                                                                                                                                                                                                                                                                                                                                                                                                                                                                                                                                                                                                                                                                                                                                                                                                                                                                                                                                                                                                                                                                                                                                                                                                                                                                                                        "
`;

exports[`Standard005 should not accept zero amounts 1`] = `"Amount \\"0.00\\" cannot be zero."`;

exports[`Standard005 should throw errors while constructing 1`] = `"Data centre ID \\"12344564565\\" cannot be more than 5 digits"`;

exports[`Standard005 should throw when adding wrong data 1`] = `"Sends are not configured on this instance of Standard005"`;

exports[`Standard005 should throw when adding wrong data 2`] = `"Receives are not configured on this instance of Standard005"`;
