// Jest Snapshot v1, https://goo.gl/fbAQLP

exports[`DateTimePicker should render without throwing an error 1`] = `<Uncontrolled(DateTimePicker) />`;
